#psi, P, q
0.000000000000000000e+00 1.327980285999999978e+04 1.199999999999999956e+00
1.953125000000000000e-03 1.323851195000000007e+04 1.203045547000000104e+00
3.906250000000000000e-03 1.319778779000000031e+04 1.205604989000000016e+00
5.859375000000000000e-03 1.315743195999999989e+04 1.208117713999999898e+00
7.812500000000000000e-03 1.311737742000000071e+04 1.210599755000000055e+00
9.765625000000000000e-03 1.307801415000000088e+04 1.213043405000000075e+00
1.171875000000000000e-02 1.303968579999999929e+04 1.215485265999999953e+00
1.367187500000000000e-02 1.300230440000000090e+04 1.217904824999999969e+00
1.562500000000000000e-02 1.296579968999999983e+04 1.220298405000000086e+00
1.757812500000000000e-02 1.293016806999999972e+04 1.222671567999999986e+00
1.953125000000000000e-02 1.289541201000000001e+04 1.225019695999999936e+00
2.148437500000000000e-02 1.286148648999999932e+04 1.227344530000000100e+00
2.343750000000000000e-02 1.282835325000000012e+04 1.229652036999999920e+00
2.539062500000000000e-02 1.279598912000000018e+04 1.231940312999999954e+00
2.734375000000000000e-02 1.276437545999999929e+04 1.234207853000000021e+00
2.929687500000000000e-02 1.273348439999999937e+04 1.236457856999999994e+00
3.125000000000000000e-02 1.270329199999999946e+04 1.238692233999999948e+00
3.320312500000000000e-02 1.267377027000000089e+04 1.240909693000000091e+00
3.515625000000000000e-02 1.264489285000000018e+04 1.243109664999999975e+00
3.710937500000000000e-02 1.261664249999999993e+04 1.245293428999999952e+00
3.906250000000000000e-02 1.258900123999999960e+04 1.247463184999999974e+00
4.101562500000000000e-02 1.256194124000000011e+04 1.249619266999999923e+00
4.296875000000000000e-02 1.253543606999999975e+04 1.251761442999999918e+00
4.492187500000000000e-02 1.250947229999999945e+04 1.253889631999999921e+00
4.687500000000000000e-02 1.248403688999999940e+04 1.256004872999999966e+00
4.882812500000000000e-02 1.245910375000000022e+04 1.258108388999999994e+00
5.078125000000000000e-02 1.243464650000000074e+04 1.260200629999999933e+00
5.273437500000000000e-02 1.241065555999999924e+04 1.262281731999999934e+00
5.468750000000000000e-02 1.238712024000000019e+04 1.264351873000000070e+00
5.664062500000000000e-02 1.236401625000000058e+04 1.266411683999999926e+00
5.859375000000000000e-02 1.234131991999999991e+04 1.268462079999999936e+00
6.054687500000000694e-02 1.231902267000000029e+04 1.270503592999999931e+00
6.250000000000000000e-02 1.229712054999999964e+04 1.272536467999999976e+00
6.445312500000000000e-02 1.227558763999999974e+04 1.274561073999999961e+00
6.640625000000000000e-02 1.225439782000000014e+04 1.276577776999999969e+00
6.835937500000000000e-02 1.223354969999999958e+04 1.278586922999999986e+00
7.031250000000000000e-02 1.221303585999999996e+04 1.280588936000000011e+00
7.226562500000000000e-02 1.219283496999999988e+04 1.282584364999999949e+00
7.421875000000000000e-02 1.217292850999999973e+04 1.284573750000000070e+00
7.617187500000000000e-02 1.215331156000000010e+04 1.286557436000000054e+00
7.812500000000000000e-02 1.213397686000000067e+04 1.288535752000000034e+00
8.007812500000000000e-02 1.211490718000000015e+04 1.290509079000000003e+00
8.203125000000000000e-02 1.209608627999999953e+04 1.292477775999999912e+00
8.398437500000000000e-02 1.207750825000000077e+04 1.294442123000000056e+00
8.593750000000000000e-02 1.205916754000000037e+04 1.296402373999999913e+00
8.789062500000000000e-02 1.204104893000000084e+04 1.298358829999999964e+00
8.984375000000000000e-02 1.202313784999999916e+04 1.300311876000000089e+00
9.179687500000000000e-02 1.200542996999999923e+04 1.302261963999999939e+00
9.375000000000000000e-02 1.198791941000000043e+04 1.304209455000000073e+00
9.570312500000000000e-02 1.197059301000000050e+04 1.306154684000000010e+00
9.765625000000000000e-02 1.195343642999999975e+04 1.308097963999999891e+00
9.960937500000000000e-02 1.193644914000000063e+04 1.310039533000000089e+00
1.015625000000000000e-01 1.191962513000000035e+04 1.311979637999999948e+00
1.035156250000000000e-01 1.190295192999999927e+04 1.313918547000000103e+00
1.054687500000000000e-01 1.188641580000000067e+04 1.315856522999999889e+00
1.074218750000000000e-01 1.187001405999999952e+04 1.317793755999999927e+00
1.093750000000000000e-01 1.185374580000000060e+04 1.319730470999999961e+00
1.113281250000000000e-01 1.183759830999999940e+04 1.321667085999999935e+00
1.132812500000000000e-01 1.182156251999999949e+04 1.323603921999999988e+00
1.152343749999999861e-01 1.180563364000000001e+04 1.325541215999999967e+00
1.171875000000000000e-01 1.178980824000000030e+04 1.327479225000000040e+00
1.191406250000000000e-01 1.177407847000000038e+04 1.329418216000000097e+00
1.210937500000000139e-01 1.175843377999999939e+04 1.331358456000000023e+00
1.230468749999999861e-01 1.174287262000000010e+04 1.333300157000000041e+00
1.250000000000000000e-01 1.172739234000000033e+04 1.335243487999999923e+00
1.269531250000000000e-01 1.171198348000000078e+04 1.337188577999999906e+00
1.289062500000000000e-01 1.169663977999999952e+04 1.339135610000000032e+00
1.308593750000000000e-01 1.168135754000000088e+04 1.341084820000000066e+00
1.328125000000000000e-01 1.166613297000000057e+04 1.343036507000000102e+00
1.347656250000000000e-01 1.165096067000000039e+04 1.344990960999999929e+00
1.367187500000000000e-01 1.163583299000000079e+04 1.346948427999999920e+00
1.386718750000000000e-01 1.162074640999999974e+04 1.348909114000000020e+00
1.406250000000000000e-01 1.160569981999999982e+04 1.350873197000000081e+00
1.425781250000000000e-01 1.159068708999999944e+04 1.352840848000000040e+00
1.445312500000000000e-01 1.157570205999999962e+04 1.354812230999999922e+00
1.464843750000000000e-01 1.156074310999999943e+04 1.356787493999999983e+00
1.484375000000000000e-01 1.154580728000000090e+04 1.358766794000000111e+00
1.503906250000000000e-01 1.153088875000000007e+04 1.360750300000000079e+00
1.523437500000000000e-01 1.151598375999999917e+04 1.362738232999999966e+00
1.542968750000000000e-01 1.150109026000000085e+04 1.364730851000000023e+00
1.562500000000000000e-01 1.148620472999999947e+04 1.366728396999999928e+00
1.582031250000000000e-01 1.147132308000000012e+04 1.368731090000000039e+00
1.601562500000000000e-01 1.145644152000000031e+04 1.370739080999999970e+00
1.621093750000000000e-01 1.144155678000000080e+04 1.372752503999999929e+00
1.640625000000000000e-01 1.142666664999999921e+04 1.374771489000000013e+00
1.660156250000000000e-01 1.141176857999999993e+04 1.376796173000000012e+00
1.679687500000000000e-01 1.139685874999999942e+04 1.378826711000000094e+00
1.699218750000000000e-01 1.138193405999999959e+04 1.380863248999999904e+00
1.718750000000000000e-01 1.136699279000000024e+04 1.382905916999999985e+00
1.738281250000000000e-01 1.135203260000000046e+04 1.384954887999999995e+00
1.757812500000000000e-01 1.133705025000000023e+04 1.387010384999999957e+00
1.777343750000000000e-01 1.132204318000000058e+04 1.389072619000000008e+00
1.796875000000000000e-01 1.130700957999999991e+04 1.391141782999999910e+00
1.816406250000000000e-01 1.129194724999999926e+04 1.393218043999999933e+00
1.835937500000000000e-01 1.127685363999999936e+04 1.395301544000000060e+00
1.855468750000000000e-01 1.126172652999999991e+04 1.397392417999999914e+00
1.875000000000000000e-01 1.124656403999999930e+04 1.399490797999999980e+00
1.894531250000000000e-01 1.123136422999999922e+04 1.401596819999999965e+00
1.914062500000000000e-01 1.121612507000000005e+04 1.403710626000000072e+00
1.933593750000000000e-01 1.120084461000000010e+04 1.405832355999999894e+00
1.953125000000000000e-01 1.118552099000000089e+04 1.407962144999999943e+00
1.972656250000000000e-01 1.117015245999999934e+04 1.410100114000000016e+00
1.992187500000000000e-01 1.115473744000000079e+04 1.412246364000000032e+00
2.011718750000000000e-01 1.113927426000000014e+04 1.414401041999999942e+00
2.031250000000000000e-01 1.112376110999999946e+04 1.416564356999999941e+00
2.050781250000000000e-01 1.110819640000000072e+04 1.418736505000000037e+00
2.070312500000000000e-01 1.109257877999999982e+04 1.420917656999999945e+00
2.089843750000000000e-01 1.107690689999999995e+04 1.423107970000000000e+00
2.109375000000000000e-01 1.106117929999999978e+04 1.425307582999999934e+00
2.128906250000000000e-01 1.104539445999999953e+04 1.427516629999999953e+00
2.148437500000000000e-01 1.102955081000000064e+04 1.429735248999999930e+00
2.167968750000000000e-01 1.101364687000000049e+04 1.431963574000000072e+00
2.187500000000000000e-01 1.099768173999999999e+04 1.434201714999999933e+00
2.207031250000000000e-01 1.098165459000000010e+04 1.436449776999999983e+00
2.226562500000000000e-01 1.096556389999999919e+04 1.438707866999999974e+00
2.246093750000000000e-01 1.094940792999999940e+04 1.440976095999999984e+00
2.265625000000000000e-01 1.093318569000000025e+04 1.443254599999999943e+00
2.285156250000000000e-01 1.091689686000000074e+04 1.445543535999999962e+00
2.304687499999999722e-01 1.090054052000000047e+04 1.447843073000000036e+00
2.324218750000000000e-01 1.088411499000000003e+04 1.450153392000000041e+00
2.343750000000000000e-01 1.086761895000000004e+04 1.452474666999999942e+00
2.363281249999999722e-01 1.085105203000000074e+04 1.454807050999999962e+00
2.382812500000000000e-01 1.083441387000000032e+04 1.457150686000000084e+00
2.402343750000000000e-01 1.081770325000000048e+04 1.459505706000000069e+00
2.421875000000000278e-01 1.080091872999999941e+04 1.461872234999999964e+00
2.441406250000000000e-01 1.078405953000000045e+04 1.464250392999999928e+00
2.460937499999999722e-01 1.076712537999999950e+04 1.466640296000000010e+00
2.480468750000000278e-01 1.075011576000000059e+04 1.469042057000000012e+00
2.500000000000000000e-01 1.073302972000000045e+04 1.471455793999999928e+00
2.519531250000000000e-01 1.071586628999999994e+04 1.473881626000000056e+00
2.539062500000000000e-01 1.069862441000000035e+04 1.476319702999999928e+00
2.558593750000000000e-01 1.068130308999999943e+04 1.478770177999999991e+00
2.578125000000000000e-01 1.066390192000000025e+04 1.481233215000000047e+00
2.597656250000000000e-01 1.064642089999999916e+04 1.483708986999999979e+00
2.617187500000000000e-01 1.062885958000000028e+04 1.486197650000000037e+00
2.636718750000000000e-01 1.061121680000000015e+04 1.488699345999999979e+00
2.656250000000000000e-01 1.059349152999999933e+04 1.491214212999999900e+00
2.675781250000000000e-01 1.057568353000000025e+04 1.493742388999999893e+00
2.695312500000000000e-01 1.055779283000000032e+04 1.496284010999999969e+00
2.714843750000000000e-01 1.053981902000000082e+04 1.498839213999999975e+00
2.734375000000000000e-01 1.052176130000000012e+04 1.501408131999999895e+00
2.753906250000000000e-01 1.050361893000000055e+04 1.503990898000000076e+00
2.773437500000000000e-01 1.048539120999999977e+04 1.506587649999999945e+00
2.792968750000000000e-01 1.046707752000000073e+04 1.509198524000000097e+00
2.812500000000000000e-01 1.044867763000000014e+04 1.511823665999999955e+00
2.832031250000000000e-01 1.043019153999999980e+04 1.514463223999999997e+00
2.851562500000000000e-01 1.041161902000000009e+04 1.517117352999999946e+00
2.871093750000000000e-01 1.039295933999999943e+04 1.519786220999999937e+00
2.890625000000000000e-01 1.037421174000000065e+04 1.522469998999999907e+00
2.910156250000000000e-01 1.035537587999999960e+04 1.525168840000000081e+00
2.929687500000000000e-01 1.033645165000000088e+04 1.527882892999999909e+00
2.949218750000000000e-01 1.031743889999999919e+04 1.530612306000000089e+00
2.968750000000000000e-01 1.029833731000000080e+04 1.533357228999999933e+00
2.988281250000000000e-01 1.027914652000000024e+04 1.536117814000000026e+00
3.007812500000000000e-01 1.025986606000000029e+04 1.538894216999999953e+00
3.027343750000000000e-01 1.024049532999999974e+04 1.541686600000000018e+00
3.046875000000000000e-01 1.022103391000000011e+04 1.544495117999999945e+00
3.066406250000000000e-01 1.020148185000000012e+04 1.547319917999999905e+00
3.085937500000000000e-01 1.018183922999999959e+04 1.550161144999999907e+00
3.105468750000000000e-01 1.016210590000000047e+04 1.553018954999999979e+00
3.125000000000000000e-01 1.014228141999999934e+04 1.555893519999999919e+00
3.144531250000000000e-01 1.012236537999999928e+04 1.558785007000000000e+00
3.164062500000000000e-01 1.010235735000000022e+04 1.561693594999999934e+00
3.183593750000000000e-01 1.008225693999999930e+04 1.564619462000000016e+00
3.203125000000000000e-01 1.006206394000000000e+04 1.567562778000000101e+00
3.222656250000000000e-01 1.004177849000000060e+04 1.570523708000000074e+00
3.242187500000000000e-01 1.002140070999999989e+04 1.573502410999999990e+00
3.261718750000000000e-01 1.000093042000000059e+04 1.576499054999999982e+00
3.281250000000000000e-01 9.980367260000000897e+03 1.579513814000000016e+00
3.300781250000000000e-01 9.959710877999999866e+03 1.582546859000000028e+00
3.320312500000000000e-01 9.938960976000000301e+03 1.585598365000000065e+00
3.339843750000000000e-01 9.918117270999999164e+03 1.588668505000000009e+00
3.359375000000000000e-01 9.897179659999999785e+03 1.591757451999999962e+00
3.378906250000000000e-01 9.876148268000000826e+03 1.594865374000000058e+00
3.398437500000000000e-01 9.855023220999999467e+03 1.597992437000000043e+00
3.417968750000000000e-01 9.833804400999999416e+03 1.601138831000000096e+00
3.437500000000000000e-01 9.812491550000000643e+03 1.604304755000000027e+00
3.457031250000000000e-01 9.791084415999999692e+03 1.607490410000000036e+00
3.476562500000000000e-01 9.769582780999999159e+03 1.610695999000000045e+00
3.496093750000000000e-01 9.747986441999999442e+03 1.613921726999999917e+00
3.515625000000000000e-01 9.726295292000000700e+03 1.617167797000000018e+00
3.535156250000000000e-01 9.704509416999999303e+03 1.620434413999999990e+00
3.554687500000000000e-01 9.682628925999999410e+03 1.623721782000000058e+00
3.574218750000000000e-01 9.660653817000000345e+03 1.627030103000000061e+00
3.593750000000000000e-01 9.638583963999999469e+03 1.630359582000000085e+00
3.613281250000000000e-01 9.616419240999999602e+03 1.633710420999999968e+00
3.632812500000000000e-01 9.594159524999999121e+03 1.637082826999999963e+00
3.652343750000000000e-01 9.571804695999999240e+03 1.640477012000000068e+00
3.671875000000000000e-01 9.549354654999999184e+03 1.643893185999999895e+00
3.691406250000000000e-01 9.526809407000000647e+03 1.647331557000000002e+00
3.710937500000000000e-01 9.504168992000000799e+03 1.650792333999999917e+00
3.730468750000000000e-01 9.481433447999999771e+03 1.654275726000000057e+00
3.750000000000000000e-01 9.458602799000000232e+03 1.657781960999999971e+00
3.769531250000000000e-01 9.435677066000000195e+03 1.661311264999999926e+00
3.789062500000000000e-01 9.412656247999999323e+03 1.664863860999999945e+00
3.808593750000000000e-01 9.389540295999999216e+03 1.668439973999999992e+00
3.828125000000000000e-01 9.366329155999999784e+03 1.672039819000000094e+00
3.847656250000000000e-01 9.343022797999999966e+03 1.675663614000000079e+00
3.867187500000000000e-01 9.319621225999999297e+03 1.679311567000000061e+00
3.886718750000000000e-01 9.296124449000000823e+03 1.682983888999999955e+00
3.906250000000000000e-01 9.272532524000000194e+03 1.686680790000000041e+00
3.925781250000000000e-01 9.248845552999999200e+03 1.690402489000000008e+00
3.945312500000000000e-01 9.225063643999999840e+03 1.694149203000000048e+00
3.964843750000000000e-01 9.201186863999999332e+03 1.697921169000000008e+00
3.984375000000000000e-01 9.177215249000000767e+03 1.701718642999999975e+00
4.003906250000000000e-01 9.153148834999999963e+03 1.705541879000000094e+00
4.023437500000000000e-01 9.128987660999999207e+03 1.709391128999999898e+00
4.042968750000000000e-01 9.104731776000000536e+03 1.713266648000000059e+00
4.062500000000000000e-01 9.080381228000000192e+03 1.717168688000000110e+00
4.082031250000000000e-01 9.055936106999999538e+03 1.721097539999999926e+00
4.101562500000000000e-01 9.031396527000000788e+03 1.725053517999999952e+00
4.121093750000000000e-01 9.006762602999999217e+03 1.729036932000000082e+00
4.140625000000000000e-01 8.982034466999999495e+03 1.733048118999999998e+00
4.160156250000000000e-01 8.957212256000000707e+03 1.737087424000000047e+00
4.179687500000000000e-01 8.932296107000000120e+03 1.741155191000000046e+00
4.199218750000000000e-01 8.907286142999999356e+03 1.745251769000000008e+00
4.218750000000000000e-01 8.882182478000000629e+03 1.749377509999999969e+00
4.238281250000000000e-01 8.856985231000000567e+03 1.753532760999999995e+00
4.257812500000000000e-01 8.831694563999999446e+03 1.757717854000000024e+00
4.277343750000000000e-01 8.806310663000000204e+03 1.761933114000000078e+00
4.296875000000000000e-01 8.780833710999999312e+03 1.766178865000000098e+00
4.316406250000000000e-01 8.755263832000000548e+03 1.770455467999999977e+00
4.335937500000000000e-01 8.729601108999999269e+03 1.774763309999999983e+00
4.355468750000000000e-01 8.703845644999999422e+03 1.779102769000000084e+00
4.375000000000000000e-01 8.677997805000000881e+03 1.783474172000000024e+00
4.394531250000000000e-01 8.652058161000000837e+03 1.787877806000000014e+00
4.414062500000000000e-01 8.626027251999999862e+03 1.792313948999999962e+00
4.433593750000000000e-01 8.599904902000000220e+03 1.796782850999999903e+00
4.453125000000000000e-01 8.573690242999999100e+03 1.801284732999999916e+00
4.472656250000000000e-01 8.547382443000000421e+03 1.805819810000000025e+00
4.492187500000000000e-01 8.520982573999999659e+03 1.810388303999999948e+00
4.511718750000000000e-01 8.494494086000000607e+03 1.814990445999999924e+00
4.531250000000000000e-01 8.467920490000000427e+03 1.819626463999999944e+00
4.550781250000000000e-01 8.441261024999999790e+03 1.824296587999999941e+00
4.570312500000000000e-01 8.414507568999999421e+03 1.829001064999999926e+00
4.589843750000000000e-01 8.387651382000000012e+03 1.833740133000000050e+00
4.609374999999999445e-01 8.360691724000000249e+03 1.838513830999999987e+00
4.628906250000000555e-01 8.333648284999999305e+03 1.843321675000000104e+00
4.648437500000000000e-01 8.306543772000000899e+03 1.848163103000000085e+00
4.667968750000000000e-01 8.279395914000000630e+03 1.853037604000000060e+00
4.687500000000000000e-01 8.252202558999999383e+03 1.857944851999999925e+00
4.707031249999999445e-01 8.224956432000000859e+03 1.862884570999999934e+00
4.726562499999999445e-01 8.197668138999999428e+03 1.867856404000000081e+00
4.746093750000000555e-01 8.170479497999999694e+03 1.872859357000000058e+00
4.765625000000000000e-01 8.143589371000000028e+03 1.877892168000000028e+00
4.785156250000000000e-01 8.117191155999999864e+03 1.882953604999999975e+00
4.804687500000000000e-01 8.091425406000000294e+03 1.888042773000000007e+00
4.824218749999999445e-01 8.066391612999999779e+03 1.893159035999999906e+00
4.843750000000000555e-01 8.042184143999999833e+03 1.898301800999999900e+00
4.863281250000000000e-01 8.018760647000000063e+03 1.903471837999999972e+00
4.882812500000000000e-01 7.995888014000000112e+03 1.908671819999999908e+00
4.902343750000000000e-01 7.973321503000000121e+03 1.913904531000000020e+00
4.921874999999999445e-01 7.950840651999999864e+03 1.919172759999999922e+00
4.941406249999999445e-01 7.928287339000000429e+03 1.924479362000000027e+00
4.960937500000000555e-01 7.905515663999999560e+03 1.929827173000000062e+00
4.980468750000000000e-01 7.882394870000000083e+03 1.935218877999999920e+00
5.000000000000000000e-01 7.858879831999999624e+03 1.940656369000000048e+00
5.019531250000000000e-01 7.834958456999999726e+03 1.946141227999999890e+00
5.039062500000000000e-01 7.810619885000000068e+03 1.951674987000000083e+00
5.058593750000000000e-01 7.785871126000000004e+03 1.957258715999999898e+00
5.078125000000000000e-01 7.760734185999999681e+03 1.962893095999999948e+00
5.097656250000000000e-01 7.735231238000000303e+03 1.968578785999999914e+00
5.117187500000000000e-01 7.709376624000000447e+03 1.974316578999999905e+00
5.136718750000000000e-01 7.683169845000000350e+03 1.980107534999999919e+00
5.156250000000000000e-01 7.656608736000000135e+03 1.985952732000000109e+00
5.175781250000000000e-01 7.629692606999999953e+03 1.991853214999999899e+00
5.195312500000000000e-01 7.602428184999999758e+03 1.997809917000000102e+00
5.214843750000000000e-01 7.574824480000000221e+03 2.003823726999999888e+00
5.234375000000000000e-01 7.546890368000000308e+03 2.009895517999999992e+00
5.253906250000000000e-01 7.518633960000000116e+03 2.016026026000000027e+00
5.273437500000000000e-01 7.490062718000000132e+03 2.022215874000000024e+00
5.292968750000000000e-01 7.461184008999999605e+03 2.028465676999999801e+00
5.312500000000000000e-01 7.432005138999999872e+03 2.034775997000000114e+00
5.332031250000000000e-01 7.402533381000000190e+03 2.041147297000000194e+00
5.351562500000000000e-01 7.372775940999999875e+03 2.047580019999999834e+00
5.371093750000000000e-01 7.342739899000000150e+03 2.054074614000000132e+00
5.390625000000000000e-01 7.312431924000000436e+03 2.060631583999999794e+00
5.410156250000000000e-01 7.281858457999999700e+03 2.067251456000000154e+00
5.429687500000000000e-01 7.251025880999999572e+03 2.073934754000000158e+00
5.449218750000000000e-01 7.219940684999999576e+03 2.080682051999999782e+00
5.468750000000000000e-01 7.188609548999999788e+03 2.087493997999999795e+00
5.488281250000000000e-01 7.157039096000000427e+03 2.094371240000000078e+00
5.507812500000000000e-01 7.125235681000000113e+03 2.101314433000000204e+00
5.527343750000000000e-01 7.093204628000000412e+03 2.108324311000000062e+00
5.546875000000000000e-01 7.060950915000000350e+03 2.115401625000000063e+00
5.566406250000000000e-01 7.028479494000000159e+03 2.122547117999999955e+00
5.585937500000000000e-01 6.995795852999999624e+03 2.129761552000000169e+00
5.605468750000000000e-01 6.962906039999999848e+03 2.137045704999999796e+00
5.625000000000000000e-01 6.929816071000000193e+03 2.144400350999999816e+00
5.644531250000000000e-01 6.896532145999999557e+03 2.151826250000000051e+00
5.664062500000000000e-01 6.863061375000000226e+03 2.159324144999999806e+00
5.683593750000000000e-01 6.829411041999999725e+03 2.166894768000000138e+00
5.703125000000000000e-01 6.795588410999999724e+03 2.174538838999999779e+00
5.722656250000000000e-01 6.761601966999999604e+03 2.182257045000000062e+00
5.742187500000000000e-01 6.727461403000000246e+03 2.190050031000000175e+00
5.761718750000000000e-01 6.693176373999999669e+03 2.197918436000000142e+00
5.781250000000000000e-01 6.658754836000000068e+03 2.205862929999999889e+00
5.800781250000000000e-01 6.624197807999999895e+03 2.213884334999999925e+00
5.820312500000000000e-01 6.589504463000000214e+03 2.221983509999999828e+00
5.839843750000000000e-01 6.554674232000000302e+03 2.230161293000000100e+00
5.859375000000000000e-01 6.519714646000000357e+03 2.238418241000000197e+00
5.878906250000000000e-01 6.484642804000000069e+03 2.246754571999999950e+00
5.898437500000000000e-01 6.449476198999999724e+03 2.255170484000000197e+00
5.917968750000000000e-01 6.414238465000000360e+03 2.263666101000000097e+00
5.937500000000000000e-01 6.378990673999999672e+03 2.272241116000000005e+00
5.957031250000000000e-01 6.343807214000000386e+03 2.280895070000000135e+00
5.976562500000000000e-01 6.308761798000000454e+03 2.289627503999999814e+00
5.996093750000000000e-01 6.273930400000000191e+03 2.298437999999999981e+00
6.015625000000000000e-01 6.239393557999999757e+03 2.307326204999999852e+00
6.035156250000000000e-01 6.205231577999999899e+03 2.316291774000000192e+00
6.054687500000000000e-01 6.171518468999999641e+03 2.325334444000000111e+00
6.074218750000000000e-01 6.138265212999999676e+03 2.334454837000000005e+00
6.093750000000000000e-01 6.105443331999999828e+03 2.343654127000000198e+00
6.113281250000000000e-01 6.073023992000000362e+03 2.352933487000000046e+00
6.132812500000000000e-01 6.040965651000000435e+03 2.362294335000000078e+00
6.152343750000000000e-01 6.009181924000000436e+03 2.371738985999999993e+00
6.171875000000000000e-01 5.977577395999999680e+03 2.381269930000000201e+00
6.191406250000000000e-01 5.946058339000000160e+03 2.390889629000000127e+00
6.210937500000000000e-01 5.914563071999999920e+03 2.400600438000000114e+00
6.230468750000000000e-01 5.883071340000000419e+03 2.410404576999999993e+00
6.250000000000000000e-01 5.851565849999999955e+03 2.420304237999999941e+00
6.269531250000000000e-01 5.820031291999999667e+03 2.430301588999999929e+00
6.289062500000000000e-01 5.788469736000000012e+03 2.440398763000000137e+00
6.308593750000000000e-01 5.756892716000000291e+03 2.450597868000000013e+00
6.328125000000000000e-01 5.725311754999999721e+03 2.460900985999999957e+00
6.347656250000000000e-01 5.693735623999999916e+03 2.471310191000000156e+00
6.367187500000000000e-01 5.662163446999999906e+03 2.481827555999999824e+00
6.386718750000000000e-01 5.630592195000000174e+03 2.492455141999999846e+00
6.406250000000000000e-01 5.599018896999999924e+03 2.503194988000000176e+00
6.425781250000000000e-01 5.567442670000000362e+03 2.514049047999999953e+00
6.445312500000000000e-01 5.535865936999999576e+03 2.525019144999999909e+00
6.464843750000000000e-01 5.504291395000000193e+03 2.536107079000000208e+00
6.484375000000000000e-01 5.472721658000000389e+03 2.547314630999999885e+00
6.503906250000000000e-01 5.441158346000000165e+03 2.558643594999999937e+00
6.523437500000000000e-01 5.409602289000000383e+03 2.570095770000000002e+00
6.542968750000000000e-01 5.378054293000000143e+03 2.581672937000000001e+00
6.562500000000000000e-01 5.346515228000000207e+03 2.593376865999999836e+00
6.582031250000000000e-01 5.314986466000000291e+03 2.605209322999999966e+00
6.601562500000000000e-01 5.283469570000000203e+03 2.617172066999999824e+00
6.621093750000000000e-01 5.251966094999999768e+03 2.629266841000000188e+00
6.640625000000000000e-01 5.220477571999999782e+03 2.641495450999999939e+00
6.660156250000000000e-01 5.189005500000000211e+03 2.653859965000000098e+00
6.679687500000000000e-01 5.157551355999999942e+03 2.666362490000000030e+00
6.699218750000000000e-01 5.126116608999999698e+03 2.679005113000000105e+00
6.718750000000000000e-01 5.094702795999999580e+03 2.691789985000000218e+00
6.738281250000000000e-01 5.063311599999999999e+03 2.704719385999999837e+00
6.757812500000000000e-01 5.031944704999999885e+03 2.717795595000000120e+00
6.777343750000000000e-01 5.000603785999999673e+03 2.731020876000000097e+00
6.796875000000000000e-01 4.969290594000000056e+03 2.744397646999999996e+00
6.816406250000000000e-01 4.938006970999999794e+03 2.757928515000000136e+00
6.835937500000000000e-01 4.906754750000000058e+03 2.771616074000000207e+00
6.855468750000000000e-01 4.875535757999999987e+03 2.785462905999999794e+00
6.875000000000000000e-01 4.844351950000000215e+03 2.799471752000000091e+00
6.894531250000000000e-01 4.813205372999999781e+03 2.813645465000000012e+00
6.914062500000000000e-01 4.782098060999999689e+03 2.827986876999999843e+00
6.933593750000000000e-01 4.751032049000000370e+03 2.842498818000000149e+00
6.953125000000000000e-01 4.720009535999999571e+03 2.857184300000000121e+00
6.972656250000000000e-01 4.689032796000000417e+03 2.872046419000000128e+00
6.992187500000000000e-01 4.658104086000000279e+03 2.887088241999999916e+00
7.011718750000000000e-01 4.627225679000000127e+03 2.902312838999999922e+00
7.031250000000000000e-01 4.596400048999999854e+03 2.917723398000000135e+00
7.050781250000000000e-01 4.565629734000000099e+03 2.933323141999999883e+00
7.070312500000000000e-01 4.534917250999999851e+03 2.949115261999999849e+00
7.089843750000000000e-01 4.504265151999999944e+03 2.965102987999999939e+00
7.109375000000000000e-01 4.473676223000000391e+03 2.981289816999999953e+00
7.128906250000000000e-01 4.443153304999999818e+03 2.997679297999999992e+00
7.148437500000000000e-01 4.412699212999999872e+03 3.014274954999999867e+00
7.167968750000000000e-01 4.382316820000000007e+03 3.031080368000000025e+00
7.187500000000000000e-01 4.352009267000000364e+03 3.048099425000000195e+00
7.207031250000000000e-01 4.321779741000000286e+03 3.065336058999999835e+00
7.226562500000000000e-01 4.291631400000000212e+03 3.082794170000000111e+00
7.246093750000000000e-01 4.261567482999999811e+03 3.100477705999999944e+00
7.265625000000000000e-01 4.231591535999999905e+03 3.118390841000000080e+00
7.285156250000000000e-01 4.201707140000000436e+03 3.136537763999999839e+00
7.304687500000000000e-01 4.171917848000000049e+03 3.154922630000000172e+00
7.324218750000000000e-01 4.142227316000000428e+03 3.173549691999999922e+00
7.343750000000000000e-01 4.112639543999999660e+03 3.192423548999999916e+00
7.363281250000000000e-01 4.083158570000000054e+03 3.211548829999999910e+00
7.382812500000000000e-01 4.053788395999999921e+03 3.230930123999999903e+00
7.402343750000000000e-01 4.024533148999999867e+03 3.250572143999999941e+00
7.421875000000000000e-01 3.995397348999999849e+03 3.270480002000000219e+00
7.441406250000000000e-01 3.966385549999999967e+03 3.290658845999999915e+00
7.460937500000000000e-01 3.937502273999999943e+03 3.311113778999999813e+00
7.480468750000000000e-01 3.908752175000000079e+03 3.331849983000000126e+00
7.500000000000000000e-01 3.880140358999999989e+03 3.352872920999999895e+00
7.519531250000000000e-01 3.851671977999999854e+03 3.374188075000000175e+00
7.539062500000000000e-01 3.823352140999999847e+03 3.395800879999999911e+00
7.558593750000000000e-01 3.795186099000000013e+03 3.417716899999999836e+00
7.578125000000000000e-01 3.767179621000000225e+03 3.439942188999999928e+00
7.597656250000000000e-01 3.739338537999999971e+03 3.462482856999999914e+00
7.617187500000000000e-01 3.711668635999999879e+03 3.485344962000000102e+00
7.636718750000000000e-01 3.684175834000000123e+03 3.508534660000000027e+00
7.656250000000000000e-01 3.656866645999999946e+03 3.532058566999999982e+00
7.675781250000000000e-01 3.629747683000000052e+03 3.555923363999999864e+00
7.695312500000000000e-01 3.602825503000000026e+03 3.580135680999999792e+00
7.714843750000000000e-01 3.576106775000000198e+03 3.604702195000000220e+00
7.734375000000000000e-01 3.549598852000000079e+03 3.629629996999999886e+00
7.753906250000000000e-01 3.523309232999999949e+03 3.654926252000000098e+00
7.773437500000000000e-01 3.497245362000000114e+03 3.680598068000000112e+00
7.792968750000000000e-01 3.471414760999999999e+03 3.706652631999999947e+00
7.812500000000000000e-01 3.445825706000000082e+03 3.733097859999999990e+00
7.832031250000000000e-01 3.420486714000000120e+03 3.759941902000000002e+00
7.851562500000000000e-01 3.395406234999999924e+03 3.787192842000000059e+00
7.871093750000000000e-01 3.370592759000000115e+03 3.814858744999999995e+00
7.890625000000000000e-01 3.346055589999999938e+03 3.842947965000000021e+00
7.910156250000000000e-01 3.321804411000000073e+03 3.871468972000000175e+00
7.929687500000000000e-01 3.297848837000000003e+03 3.900430171000000001e+00
7.949218750000000000e-01 3.274198472999999922e+03 3.929839954000000191e+00
7.968750000000000000e-01 3.250863734000000022e+03 3.959707347999999794e+00
7.988281250000000000e-01 3.227855603999999857e+03 3.990041825000000042e+00
8.007812500000000000e-01 3.205185003999999935e+03 4.020852796999999867e+00
8.027343750000000000e-01 3.182862802999999985e+03 4.052149624000000117e+00
8.046875000000000000e-01 3.160900645000000168e+03 4.083942116000000233e+00
8.066406250000000000e-01 3.139311047000000144e+03 4.116240589000000227e+00
8.085937500000000000e-01 3.118106479999999920e+03 4.149055311999999773e+00
8.105468750000000000e-01 3.097299333999999817e+03 4.182396479000000333e+00
8.125000000000000000e-01 3.076902562000000216e+03 4.216274333000000318e+00
8.144531250000000000e-01 3.056930198999999902e+03 4.250699262999999561e+00
8.164062500000000000e-01 3.037396299999999883e+03 4.285681605999999810e+00
8.183593750000000000e-01 3.018314815000000181e+03 4.321231621999999994e+00
8.203125000000000000e-01 2.999699567000000116e+03 4.357359952999999564e+00
8.222656250000000000e-01 2.981564190999999937e+03 4.394078602999999639e+00
8.242187500000000000e-01 2.963922206000000187e+03 4.431399772999999875e+00
8.261718750000000000e-01 2.946787030999999843e+03 4.469335571000000229e+00
8.281250000000000000e-01 2.930171479999999974e+03 4.507898033000000027e+00
8.300781250000000000e-01 2.914085156000000097e+03 4.547099196999999648e+00
8.320312500000000000e-01 2.898536410000000160e+03 4.586951043000000006e+00
8.339843750000000000e-01 2.883533531999999923e+03 4.627465466000000305e+00
8.359375000000000000e-01 2.869084455000000162e+03 4.668654405999999923e+00
8.378906250000000000e-01 2.855192923999999948e+03 4.710531526999999663e+00
8.398437500000000000e-01 2.841859621000000061e+03 4.753111724000000038e+00
8.417968750000000000e-01 2.829085152999999991e+03 4.796409814999999632e+00
8.437500000000000000e-01 2.816870052000000214e+03 4.840440533999999850e+00
8.457031250000000000e-01 2.805211273999999776e+03 4.885219467999999843e+00
8.476562500000000000e-01 2.794100574999999935e+03 4.930763495999999968e+00
8.496093750000000000e-01 2.783529348999999911e+03 4.977089494000000336e+00
8.515625000000000000e-01 2.773489048999999795e+03 5.024214214999999761e+00
8.535156250000000000e-01 2.763969121000000086e+03 5.072155105000000219e+00
8.554687500000000000e-01 2.754952396000000135e+03 5.120932117999999811e+00
8.574218750000000000e-01 2.746420470999999907e+03 5.170565595000000236e+00
8.593750000000000000e-01 2.738355066999999963e+03 5.221075737999999689e+00
8.613281250000000000e-01 2.730737321999999949e+03 5.272482960999999690e+00
8.632812500000000000e-01 2.723542655000000195e+03 5.324810480000000013e+00
8.652343750000000000e-01 2.716743766999999934e+03 5.378082799999999608e+00
8.671875000000000000e-01 2.710313520000000153e+03 5.432324267000000262e+00
8.691406250000000000e-01 2.704224811999999929e+03 5.487559133999999617e+00
8.710937500000000000e-01 2.698446148999999878e+03 5.543813837000000078e+00
8.730468750000000000e-01 2.692940877000000000e+03 5.601117384000000143e+00
8.750000000000000000e-01 2.687672278000000006e+03 5.659498741000000166e+00
8.769531250000000000e-01 2.682603881000000001e+03 5.718986680000000433e+00
8.789062500000000000e-01 2.677696954999999889e+03 5.779611837000000030e+00
8.808593750000000000e-01 2.672905403000000206e+03 5.841410932999999694e+00
8.828125000000000000e-01 2.668181979999999839e+03 5.904421637999999639e+00
8.847656250000000000e-01 2.663479757000000063e+03 5.968681365000000127e+00
8.867187500000000000e-01 2.658751335999999810e+03 6.034228137000000380e+00
8.886718750000000000e-01 2.653942177999999785e+03 6.101107950000000280e+00
8.906250000000000000e-01 2.648993961000000127e+03 6.169371069000000318e+00
8.925781250000000000e-01 2.643848701999999776e+03 6.239067469000000088e+00
8.945312500000000000e-01 2.638448710000000119e+03 6.310246871999999563e+00
8.964843750000000000e-01 2.632731247000000167e+03 6.382963232999999903e+00
8.984375000000000000e-01 2.626625540000000001e+03 6.457277260999999768e+00
9.003906250000000000e-01 2.620060552999999800e+03 6.533249877000000261e+00
9.023437500000000000e-01 2.612965706999999838e+03 6.610941601000000389e+00
9.042968750000000000e-01 2.605269123999999920e+03 6.690417132000000322e+00
9.062500000000000000e-01 2.596890425999999934e+03 6.771764012000000221e+00
9.082031250000000000e-01 2.587746917999999823e+03 6.855076582999999779e+00
9.101562500000000000e-01 2.577756437999999889e+03 6.940448572000000205e+00
9.121093750000000000e-01 2.566836800999999923e+03 7.027973986000000117e+00
9.140625000000000000e-01 2.554892846000000191e+03 7.117767759000000360e+00
9.160156250000000000e-01 2.541816092000000026e+03 7.209966299000000411e+00
9.179687500000000000e-01 2.527498117000000093e+03 7.304706155999999950e+00
9.199218749999998890e-01 2.511831191000000217e+03 7.402122999000000370e+00
9.218749999999998890e-01 2.494704466000000139e+03 7.502280599999999744e+00
9.238281249999998890e-01 2.475994059999999990e+03 7.604986195000000393e+00
9.257812500000001110e-01 2.455573781000000054e+03 7.709990514000000239e+00
9.277343750000001110e-01 2.433318244000000050e+03 7.817045854999999932e+00
9.296875000000000000e-01 2.409097429999999804e+03 7.925890850000000043e+00
9.316406250000000000e-01 2.382686400999999933e+03 8.035997303000000258e+00
9.335937500000000000e-01 2.353779766000000109e+03 8.146610753999999233e+00
9.355468750000000000e-01 2.322071414000000004e+03 8.256974070000000054e+00
9.375000000000000000e-01 2.287257156000000123e+03 8.366334877999999975e+00
9.394531250000000000e-01 2.249014255000000048e+03 8.474064987000000215e+00
9.414062499999998890e-01 2.206954412000000048e+03 8.579934878999999626e+00
9.433593749999998890e-01 2.160677818000000116e+03 8.683797885000000605e+00
9.453124999999998890e-01 2.109787157000000207e+03 8.785508252999999712e+00
9.472656250000001110e-01 2.053899460999999974e+03 8.884947009999999423e+00
9.492187500000001110e-01 1.992855391999999938e+03 8.982478091999999137e+00
9.511718750000000000e-01 1.926692299000000048e+03 9.078889653999999254e+00
9.531250000000000000e-01 1.855454073999999991e+03 9.174979725000000030e+00
9.550781250000000000e-01 1.779184355999999980e+03 9.271541440000000023e+00
9.570312500000000000e-01 1.698075041000000056e+03 9.369368186999999182e+00
9.589843750000000000e-01 1.612895481000000018e+03 9.469268453999999835e+00
9.609375000000000000e-01 1.524551236000000017e+03 9.572050645999999219e+00
9.628906249999998890e-01 1.433942365000000109e+03 9.678518234000000220e+00
9.648437499999998890e-01 1.341965631000000030e+03 9.789490152999999140e+00
9.667968749999998890e-01 1.249576661000000058e+03 9.906382546999999761e+00
9.687500000000001110e-01 1.157798651000000064e+03 1.003129000000000026e+01
9.707031250000001110e-01 1.067652614999999969e+03 1.016633193000000013e+01
9.726562500000000000e-01 9.801534061999999494e+02 1.031361491000000008e+01
9.746093750000000000e-01 8.962473535000000311e+02 1.047496641999999945e+01
9.765625000000000000e-01 8.165037344999999505e+02 1.065061779999999914e+01
9.785156250000000000e-01 7.413516134000000193e+02 1.084021504999999941e+01
9.804687500000000000e-01 6.712172583999999915e+02 1.104340535000000045e+01
9.824218750000000000e-01 6.065218191999999817e+02 1.125986930999999913e+01
9.843749999999998890e-01 5.474206242000000202e+02 1.149252083999999918e+01
9.863281249999998890e-01 4.935803831000000059e+02 1.175024164000000049e+01
9.882812499999998890e-01 4.446168872999999735e+02 1.204250962999999963e+01
9.902343750000001110e-01 4.001481895000000009e+02 1.237874650999999915e+01
9.921875000000001110e-01 3.598047225999999910e+02 1.276819375000000001e+01
9.941406250000000000e-01 3.233469870000000128e+02 1.321846846000000042e+01
9.960937500000000000e-01 2.906244103999999879e+02 1.373606850000000001e+01
9.980468750000000000e-01 2.614889995999999996e+02 1.432743243000000000e+01
1.000000000000000000e+00 2.357936192999999889e+02 1.499896082000000064e+01
